Microchip MPLAB XC8 Compiler V2.35

Linker command line:

-W-3 --edf=C:\Program Files\Microchip\xc8\v2.35\pic\dat\en_msgs.txt -cn \
  -h+dist/default/production\mcc_test.X.production.sym \
  --cmf=dist/default/production\mcc_test.X.production.cmf -z -Q18F24Q10 \
  -oC:\Users\NAGADH~1\AppData\Local\Temp\xcAs8go.4 --defsym=__MPLAB_BUILD=1 \
  -Mdist/default/production/mcc_test.X.production.map \
  --md=C:\Users\NAGADH~1\AppData\Local\Temp\xcAs8go.dat -E1 \
  -ver=XC8 Compiler --acfsm=1493 -ACODE=00h-03FFFh -ACONST=00h-03FFFh \
  -ASMALLCONST=0400h-04FFhx60 -AMEDIUMCONST=0400h-03FFFh -ACOMRAM=01h-05Fh \
  -AABS1=00h-03FFh -ABIGRAM=01h-03FFh -ARAM=060h-0FFh,0100h-01FFhx3 \
  -ABANK0=060h-0FFh -ABANK1=0100h-01FFh -ABANK2=0200h-02FFh \
  -ABANK3=0300h-03FFh -ASFR=0400h-04FFh,0E88h-0EFFh,0F00h-0F5Fh,0F60h-0FFFh \
  -ABIGSFR=0400h-04FFh,0E88h-0FFFh -ACONFIG=0300000h-030000Bh \
  -AIDLOC=0200000h-02000FFh -AEEDATA=0310000h-03100FFh -peeprom_data=EEDATA \
  -preset_vec=00h,intcode,intcodelo,powerup,init -pramtop=0400h \
  -psmallconst=SMALLCONST -pmediumconst=MEDIUMCONST -pconst=CONST \
  -AFARRAM=00h-00h \
  -prdata=COMRAM,nvrram=COMRAM,nvbit=COMRAM,rbss=COMRAM,rbit=COMRAM \
  -pfarbss=FARRAM,fardata=FARRAM,nvFARRAM=FARRAM \
  -pintsave_regs=BIGRAM,bigbss=BIGRAM,bigdata=BIGRAM -pbss=RAM \
  -pidata=CODE,irdata=CODE,ibigdata=CODE,ifardata=CODE -prparam=COMRAM \
  C:\Users\NAGADH~1\AppData\Local\Temp\xcAs8go.o \
  dist/default/production\mcc_test.X.production.o 

Object code version is 3.11

Machine type is 18F24Q10



                Name                               Link     Load   Length Selector   Space Scale
C:\Users\NAGADH~1\AppData\Local\Temp\xcAs8go.o
                idloc                            200000   200000      100        0       5
                config                           300000   300000        C        0       4
                init                                  0        0        4        0       0
dist/default/production\mcc_test.X.production.o
                idloc                            200000   200000      100        0       5
                config                           300000   300000        C        0       4
                text5                              3F74     3F74       44     1FBA       0
                text4                              3F40     3F40       18     1FA0       0
                text3                              3FB8     3FB8       48     1FDC       0
                text2                              3F58     3F58       1C     1FAC       0
                text1                              3F1C     3F1C        E     1F8E       0
                cstackCOMRAM                          1        1        3        1       1
                cinit                              3F16     3F16        6     1F8B       0
                text0                              3F2A     3F2A       16     1F95       0

TOTAL           Name                               Link     Load   Length     Space
        CLASS   CODE           
                init                                  0        0        4         0
                text5                              3F74     3F74       44         0
                text4                              3F40     3F40       18         0
                text3                              3FB8     3FB8       48         0
                text2                              3F58     3F58       1C         0
                text1                              3F1C     3F1C        E         0
                cinit                              3F16     3F16        6         0
                text0                              3F2A     3F2A       16         0

        CLASS   CONST          

        CLASS   SMALLCONST     

        CLASS   MEDIUMCONST    

        CLASS   COMRAM         
                cstackCOMRAM                          1        1        3         1

        CLASS   ABS1           

        CLASS   BIGRAM         

        CLASS   RAM            

        CLASS   BANK0          

        CLASS   BANK1          

        CLASS   BANK2          

        CLASS   BANK3          

        CLASS   SFR            

        CLASS   BIGSFR         

        CLASS   CONFIG         
                config                           300000   300000        C         4

        CLASS   IDLOC          
                idloc                            200000   200000      100         5

        CLASS   EEDATA         

        CLASS   FARRAM         

        CLASS   HEAP           

        CLASS   STACK          



SEGMENTS        Name                           Load    Length   Top    Selector   Space  Class

                reset_vec                      000000  000004  000004         0       0  CODE    
                cstackCOMRAM                   000001  000003  000004         1       1  COMRAM  
                cinit                          003F16  000006  003F1C      1F8B       0  CODE    
                text1                          003F1C  00000E  003F2A      1F8E       0  CODE    
                text0                          003F2A  000016  003F40      1F95       0  CODE    
                text4                          003F40  000018  003F58      1FA0       0  CODE    
                text2                          003F58  00001C  003F74      1FAC       0  CODE    
                text5                          003F74  000044  003FB8      1FBA       0  CODE    
                text3                          003FB8  000048  004000      1FDC       0  CODE    


UNUSED ADDRESS RANGES

        Name                Unused          Largest block    Delta
        BANK0            000060-0000FF               A0
        BANK1            000100-0001FF              100
        BANK2            000200-0002FF              100
        BANK3            000300-0003FF              100
        BIGRAM           000004-0003FF              3FC
        BIGSFR           000400-0004FF              100
                         000E88-000FFF              178
        CODE             000004-003F15             3F12
        COMRAM           000004-00005F               5C
        CONST            000004-003F15             3F12
        EEDATA           310000-3100FF              100
        MEDIUMCONST      000400-003F15             3B16
        RAM              000060-0003FF              100
        SFR              000400-0004FF              100
                         000E88-000FFF               78
        SMALLCONST       000400-003F15              100

                                  Symbol Table

DATAEE_WriteByte@GIEBitValue    cstackCOMRAM 000003
DATAEE_WriteByte@bAdd           cstackCOMRAM 000002
DATAEE_WriteByte@bData          cstackCOMRAM 000001
_ANSELA                         (abs)        000F0C
_ANSELB                         (abs)        000F14
_ANSELC                         (abs)        000F1C
_DATAEE_WriteByte               text5        003F74
_INLVLA                         (abs)        000F08
_INLVLB                         (abs)        000F10
_INLVLC                         (abs)        000F18
_INLVLE                         (abs)        000F25
_INTCONbits                     (abs)        000FF2
_LATA                           (abs)        000F82
_LATB                           (abs)        000F83
_LATC                           (abs)        000F84
_NVMADRH                        (abs)        000F7A
_NVMADRL                        (abs)        000F79
_NVMADRU                        (abs)        000F7B
_NVMCON0bits                    (abs)        000F7F
_NVMCON1bits                    (abs)        000F80
_NVMCON2                        (abs)        000F81
_NVMDATH                        (abs)        000F7D
_NVMDATL                        (abs)        000F7C
_ODCONA                         (abs)        000F0A
_ODCONB                         (abs)        000F12
_ODCONC                         (abs)        000F1A
_OSCCON1                        (abs)        000ED3
_OSCCON3                        (abs)        000ED5
_OSCEN                          (abs)        000ED7
_OSCFRQ                         (abs)        000ED9
_OSCILLATOR_Initialize          text4        003F40
_OSCTUNE                        (abs)        000ED8
_PIN_MANAGER_Initialize         text3        003FB8
_PIR7bits                       (abs)        000ECC
_PMD0                           (abs)        000EDC
_PMD1                           (abs)        000EDD
_PMD2                           (abs)        000EDE
_PMD3                           (abs)        000EDF
_PMD4                           (abs)        000EE0
_PMD5                           (abs)        000EE1
_PMD_Initialize                 text2        003F58
_SLRCONA                        (abs)        000F09
_SLRCONB                        (abs)        000F11
_SLRCONC                        (abs)        000F19
_SYSTEM_Initialize              text1        003F1C
_TABLAT                         (abs)        000FF5
_TBLPTRH                        (abs)        000FF7
_TBLPTRL                        (abs)        000FF6
_TBLPTRU                        (abs)        000FF8
_TRISA                          (abs)        000F87
_TRISB                          (abs)        000F88
_TRISC                          (abs)        000F89
_WPUA                           (abs)        000F0B
_WPUB                           (abs)        000F13
_WPUC                           (abs)        000F1B
_WPUE                           (abs)        000F28
__HRAM                          (abs)        000000
__Habs1                         abs1         000000
__Hbank0                        bank0        000000
__Hbank1                        bank1        000000
__Hbank2                        bank2        000000
__Hbank3                        bank3        000000
__Hbigbss                       bigbss       000000
__Hbigdata                      bigdata      000000
__Hbigram                       bigram       000000
__Hbigsfr                       bigsfr       000000
__Hbss                          bss          000000
__Hcinit                        cinit        000000
__Hclrtext                      clrtext      000000
__Hcomram                       comram       000000
__Hconfig                       config       30000C
__Hconst                        const        000000
__HcstackCOMRAM                 cstackCOMRAM 000000
__Hdata                         data         000000
__Heeprom_data                  eeprom_data  000000
__Hfarbss                       farbss       000000
__Hfardata                      fardata      000000
__Hheap                         heap         000000
__Hibigdata                     ibigdata     000000
__Hidata                        idata        000000
__Hidloc                        idloc        200100
__Hifardata                     ifardata     000000
__Hinit                         init         000004
__Hintcode                      intcode      000000
__Hintcode_body                 intcode_body 000000
__Hintcodelo                    intcodelo    000000
__Hintentry                     intentry     000000
__Hintret                       intret       000000
__Hintsave_regs                 intsave_regs 000000
__Hirdata                       irdata       000000
__Hmediumconst                  mediumconst  000000
__HnvFARRAM                     nvFARRAM     000000
__Hnvbit                        nvbit        000000
__Hnvrram                       nvrram       000000
__Hparam                        rparam       000000
__Hpowerup                      powerup      000000
__Hram                          ram          000000
__Hramtop                       ramtop       000400
__Hrbit                         rbit         000000
__Hrbss                         rbss         000000
__Hrdata                        rdata        000000
__Hreset_vec                    reset_vec    000000
__Hrparam                       rparam       000000
__Hsfr                          sfr          000000
__Hsmallconst                   smallconst   000000
__Hspace_0                      (abs)        004000
__Hspace_1                      (abs)        000004
__Hspace_2                      (abs)        000000
__Hspace_4                      (abs)        60000C
__Hstack                        stack        000000
__Hstruct                       struct       000000
__Htemp                         temp         000000
__Htext                         text         000000
__Htext0                        text0        000000
__Htext1                        text1        000000
__Htext2                        text2        000000
__Htext3                        text3        000000
__Htext4                        text4        000000
__Htext5                        text5        000000
__LRAM                          (abs)        000001
__Labs1                         abs1         000000
__Lbank0                        bank0        000000
__Lbank1                        bank1        000000
__Lbank2                        bank2        000000
__Lbank3                        bank3        000000
__Lbigbss                       bigbss       000000
__Lbigdata                      bigdata      000000
__Lbigram                       bigram       000000
__Lbigsfr                       bigsfr       000000
__Lbss                          bss          000000
__Lcinit                        cinit        000000
__Lclrtext                      clrtext      000000
__Lcomram                       comram       000000
__Lconfig                       config       000000
__Lconst                        const        000000
__LcstackCOMRAM                 cstackCOMRAM 000000
__Ldata                         data         000000
__Leeprom_data                  eeprom_data  000000
__Lfarbss                       farbss       000000
__Lfardata                      fardata      000000
__Lheap                         heap         000000
__Libigdata                     ibigdata     000000
__Lidata                        idata        000000
__Lidloc                        idloc        000000
__Lifardata                     ifardata     000000
__Linit                         init         000000
__Lintcode                      intcode      000000
__Lintcode_body                 intcode_body 000000
__Lintcodelo                    intcodelo    000000
__Lintentry                     intentry     000000
__Lintret                       intret       000000
__Lintsave_regs                 intsave_regs 000000
__Lirdata                       irdata       000000
__Lmediumconst                  mediumconst  000000
__LnvFARRAM                     nvFARRAM     000000
__Lnvbit                        nvbit        000000
__Lnvrram                       nvrram       000000
__Lparam                        rparam       000000
__Lpowerup                      powerup      000000
__Lram                          ram          000000
__Lramtop                       ramtop       000400
__Lrbit                         rbit         000000
__Lrbss                         rbss         000000
__Lrdata                        rdata        000000
__Lreset_vec                    reset_vec    000000
__Lrparam                       rparam       000000
__Lsfr                          sfr          000000
__Lsmallconst                   smallconst   000000
__Lspace_0                      (abs)        000000
__Lspace_1                      (abs)        000000
__Lspace_2                      (abs)        000000
__Lspace_4                      (abs)        000000
__Lstack                        stack        000000
__Lstruct                       struct       000000
__Ltemp                         temp         000000
__Ltext                         text         000000
__Ltext0                        text0        000000
__Ltext1                        text1        000000
__Ltext2                        text2        000000
__Ltext3                        text3        000000
__Ltext4                        text4        000000
__Ltext5                        text5        000000
__S0                            (abs)        004000
__S1                            (abs)        000004
__S4                            (abs)        000000
__S5                            (abs)        000000
___heap_hi                      (abs)        000000
___heap_lo                      (abs)        000000
___inthi_sp                     stack        000000
___intlo_sp                     stack        000000
___param_bank                   (abs)        000000
___rparam_used                  (abs)        000001
___sp                           stack        000000
__accesstop                     (abs)        000060
__activetblptr                  (abs)        000000
__end_of_DATAEE_WriteByte       text5        003FB8
__end_of_OSCILLATOR_Initialize  text4        003F58
__end_of_PIN_MANAGER_Initialize text3        004000
__end_of_PMD_Initialize         text2        003F74
__end_of_SYSTEM_Initialize      text1        003F2A
__end_of__initialization        cinit        003F16
__end_of_main                   text0        003F40
__initialization                cinit        003F16
__mediumconst                   mediumconst  000000
__pcinit                        cinit        003F16
__pcstackCOMRAM                 cstackCOMRAM 000001
__ptext0                        text0        003F2A
__ptext1                        text1        003F1C
__ptext2                        text2        003F58
__ptext3                        text3        003FB8
__ptext4                        text4        003F40
__ptext5                        text5        003F74
__ramtop                        ramtop       000400
__smallconst                    smallconst   000000
_main                           text0        003F2A
_sectorRAM                      (abs)        000400
end_of_initialization           cinit        003F16
intlevel0                       text         000000
intlevel1                       text         000000
intlevel2                       text         000000
intlevel3                       text         000000
isa$std                         (abs)        000001
isa$xinst                       (abs)        000000
stackhi                         (abs)        000000
stacklo                         (abs)        000000
start                           init         000000
start_initialization            cinit        003F16


MODULE INFORMATION

Module		Function		Class		Link	Load	Size
mcc_generated_files/pin_manager.c
		_PIN_MANAGER_Initialize		CODE           	3FB8	0000	72

mcc_generated_files/pin_manager.c estimated size: 72

shared
		__initialization		CODE           	3F16	0000	1

shared estimated size: 1

mcc_generated_files/mcc.c
		_PMD_Initialize		CODE           	3F58	0000	28
		_OSCILLATOR_Initialize		CODE           	3F40	0000	24
		_SYSTEM_Initialize		CODE           	3F1C	0000	14

mcc_generated_files/mcc.c estimated size: 66

mcc_generated_files/memory.c
		_DATAEE_WriteByte		CODE           	3F74	0000	68

mcc_generated_files/memory.c estimated size: 68

main.c
		_main          		CODE           	3F2A	0000	22

main.c estimated size: 22

