Microchip MPLAB XC8 Compiler V2.35

Linker command line:

-W-3 --edf=C:\Program Files\Microchip\xc8\v2.35\pic\dat\en_msgs.txt -cn \
  -h+dist/default/debug\mcc_test.X.debug.sym \
  --cmf=dist/default/debug\mcc_test.X.debug.cmf -z -Q18F24Q10 \
  -oC:\Users\NAGADH~1\AppData\Local\Temp\xcAshvo.4 --defsym=__MPLAB_BUILD=1 \
  -Mdist/default/debug/mcc_test.X.debug.map \
  --md=C:\Users\NAGADH~1\AppData\Local\Temp\xcAshvo.dat -E1 \
  -ver=XC8 Compiler --acfsm=1493 -ACODE=00h-03FFFh -ACONST=00h-03FFFh \
  -ASMALLCONST=0400h-04FFhx60 -AMEDIUMCONST=0400h-03FFFh -ACOMRAM=01h-05Fh \
  -AABS1=00h-03FFh -ABIGRAM=01h-03FFh -ARAM=060h-0FFh,0100h-01FFhx3 \
  -ABANK0=060h-0FFh -ABANK1=0100h-01FFh -ABANK2=0200h-02FFh \
  -ABANK3=0300h-03FFh -ASFR=0400h-04FFh,0E88h-0EFFh,0F00h-0F5Fh,0F60h-0FFFh \
  -ABIGSFR=0400h-04FFh,0E88h-0FFFh -ACONFIG=0300000h-030000Bh \
  -AIDLOC=0200000h-02000FFh -AEEDATA=0310000h-03100FFh -peeprom_data=EEDATA \
  -preset_vec=00h,intcode,intcodelo,powerup,init -pramtop=0400h \
  -psmallconst=SMALLCONST -pmediumconst=MEDIUMCONST -pconst=CONST \
  -AFARRAM=00h-00h \
  -prdata=COMRAM,nvrram=COMRAM,nvbit=COMRAM,rbss=COMRAM,rbit=COMRAM \
  -pfarbss=FARRAM,fardata=FARRAM,nvFARRAM=FARRAM \
  -pintsave_regs=BIGRAM,bigbss=BIGRAM,bigdata=BIGRAM -pbss=RAM \
  -pidata=CODE,irdata=CODE,ibigdata=CODE,ifardata=CODE -prparam=COMRAM \
  C:\Users\NAGADH~1\AppData\Local\Temp\xcAshvo.o \
  dist/default/debug\mcc_test.X.debug.o 

Object code version is 3.11

Machine type is 18F24Q10



                Name                               Link     Load   Length Selector   Space Scale
C:\Users\NAGADH~1\AppData\Local\Temp\xcAshvo.o
                idloc                            200000   200000      100        0       5
                config                           300000   300000        C        0       4
                init                                  0        0        4        0       0
dist/default/debug\mcc_test.X.debug.o
                idloc                            200000   200000      100        0       5
                config                           300000   300000        C        0       4
                text3                              3C8E     3C8E       18     1E47       0
                text2                              3CA6     3CA6       44     1E53       0
                text1                              3CEA     3CEA      110     1E75       0
                cstackCOMRAM                          1        1       12        1       1
                cinit                              3C88     3C88        6     1E44       0
                text0                              3DFA     3DFA      206     1EFD       0

TOTAL           Name                               Link     Load   Length     Space
        CLASS   CODE           
                init                                  0        0        4         0
                text3                              3C8E     3C8E       18         0
                text2                              3CA6     3CA6       44         0
                text1                              3CEA     3CEA      110         0
                cinit                              3C88     3C88        6         0
                text0                              3DFA     3DFA      206         0

        CLASS   CONST          

        CLASS   SMALLCONST     

        CLASS   MEDIUMCONST    

        CLASS   COMRAM         
                cstackCOMRAM                          1        1       12         1

        CLASS   ABS1           

        CLASS   BIGRAM         

        CLASS   RAM            

        CLASS   BANK0          

        CLASS   BANK1          

        CLASS   BANK2          

        CLASS   BANK3          

        CLASS   SFR            

        CLASS   BIGSFR         

        CLASS   CONFIG         
                config                           300000   300000        C         4

        CLASS   IDLOC          
                idloc                            200000   200000      100         5

        CLASS   EEDATA         

        CLASS   FARRAM         

        CLASS   HEAP           

        CLASS   STACK          



SEGMENTS        Name                           Load    Length   Top    Selector   Space  Class

                reset_vec                      000000  000004  000004         0       0  CODE    
                cstackCOMRAM                   000001  000012  000013         1       1  COMRAM  
                cinit                          003C88  000006  003C8E      1E44       0  CODE    
                text3                          003C8E  000018  003CA6      1E47       0  CODE    
                text2                          003CA6  000044  003CEA      1E53       0  CODE    
                text1                          003CEA  000110  003DFA      1E75       0  CODE    
                text0                          003DFA  000206  004000      1EFD       0  CODE    


UNUSED ADDRESS RANGES

        Name                Unused          Largest block    Delta
        BANK0            000060-0000FF               A0
        BANK1            000100-0001FF              100
        BANK2            000200-0002FF              100
        BANK3            000300-0003FF              100
        BIGRAM           000013-0003FF              3ED
        BIGSFR           000400-0004FF              100
                         000E88-000FFF              178
        CODE             000004-003C87             3C84
        COMRAM           000013-00005F               4D
        CONST            000004-003C87             3C84
        EEDATA           310000-3100FF              100
        MEDIUMCONST      000400-003C87             3888
        RAM              000060-0003FF              100
        SFR              000400-0004FF              100
                         000E88-000FFF               78
        SMALLCONST       000400-003C87              100

                                  Symbol Table

DATAEE_ReadByte@bAdd         cstackCOMRAM 000001
DATAEE_WriteByte@GIEBitValue cstackCOMRAM 000003
DATAEE_WriteByte@bAdd        cstackCOMRAM 000002
DATAEE_WriteByte@bData       cstackCOMRAM 000001
_ANSELA                      (abs)        000F0C
_ANSELB                      (abs)        000F14
_ANSELC                      (abs)        000F1C
_DATAEE_ReadByte             text3        003C8E
_DATAEE_WriteByte            text2        003CA6
_INLVLA                      (abs)        000F08
_INLVLB                      (abs)        000F10
_INLVLC                      (abs)        000F18
_INLVLE                      (abs)        000F25
_INTCONbits                  (abs)        000FF2
_LATA                        (abs)        000F82
_LATB                        (abs)        000F83
_LATC                        (abs)        000F84
_NVMADRH                     (abs)        000F7A
_NVMADRL                     (abs)        000F79
_NVMADRU                     (abs)        000F7B
_NVMCON0bits                 (abs)        000F7F
_NVMCON1bits                 (abs)        000F80
_NVMCON2                     (abs)        000F81
_NVMDATH                     (abs)        000F7D
_NVMDATL                     (abs)        000F7C
_ODCONA                      (abs)        000F0A
_ODCONB                      (abs)        000F12
_ODCONC                      (abs)        000F1A
_OSCCON1                     (abs)        000ED3
_OSCCON3                     (abs)        000ED5
_OSCEN                       (abs)        000ED7
_OSCFRQ                      (abs)        000ED9
_OSCTUNE                     (abs)        000ED8
_PIR7bits                    (abs)        000ECC
_PMD0                        (abs)        000EDC
_PMD1                        (abs)        000EDD
_PMD2                        (abs)        000EDE
_PMD3                        (abs)        000EDF
_PMD4                        (abs)        000EE0
_PMD5                        (abs)        000EE1
_PORTB                       (abs)        000F8D
_PORTC                       (abs)        000F8E
_RB1                         (abs)        007C69
_RB2                         (abs)        007C6A
_RB3                         (abs)        007C6B
_RB4                         (abs)        007C6C
_RC0                         (abs)        007C70
_RC1                         (abs)        007C71
_RC2                         (abs)        007C72
_RC3                         (abs)        007C73
_RC4                         (abs)        007C74
_SLRCONA                     (abs)        000F09
_SLRCONB                     (abs)        000F11
_SLRCONC                     (abs)        000F19
_TABLAT                      (abs)        000FF5
_TBLPTRH                     (abs)        000FF7
_TBLPTRL                     (abs)        000FF6
_TBLPTRU                     (abs)        000FF8
_TRISA                       (abs)        000F87
_TRISB                       (abs)        000F88
_TRISC                       (abs)        000F89
_WPUA                        (abs)        000F0B
_WPUB                        (abs)        000F13
_WPUC                        (abs)        000F1B
_WPUE                        (abs)        000F28
__HRAM                       (abs)        000000
__Habs1                      abs1         000000
__Hbank0                     bank0        000000
__Hbank1                     bank1        000000
__Hbank2                     bank2        000000
__Hbank3                     bank3        000000
__Hbigbss                    bigbss       000000
__Hbigdata                   bigdata      000000
__Hbigram                    bigram       000000
__Hbigsfr                    bigsfr       000000
__Hbss                       bss          000000
__Hcinit                     cinit        000000
__Hclrtext                   clrtext      000000
__Hcomram                    comram       000000
__Hconfig                    config       30000C
__Hconst                     const        000000
__HcstackCOMRAM              cstackCOMRAM 000000
__Hdata                      data         000000
__Heeprom_data               eeprom_data  000000
__Hfarbss                    farbss       000000
__Hfardata                   fardata      000000
__Hheap                      heap         000000
__Hibigdata                  ibigdata     000000
__Hidata                     idata        000000
__Hidloc                     idloc        200100
__Hifardata                  ifardata     000000
__Hinit                      init         000004
__Hintcode                   intcode      000000
__Hintcode_body              intcode_body 000000
__Hintcodelo                 intcodelo    000000
__Hintentry                  intentry     000000
__Hintret                    intret       000000
__Hintsave_regs              intsave_regs 000000
__Hirdata                    irdata       000000
__Hmediumconst               mediumconst  000000
__HnvFARRAM                  nvFARRAM     000000
__Hnvbit                     nvbit        000000
__Hnvrram                    nvrram       000000
__Hparam                     rparam       000000
__Hpowerup                   powerup      000000
__Hram                       ram          000000
__Hramtop                    ramtop       000400
__Hrbit                      rbit         000000
__Hrbss                      rbss         000000
__Hrdata                     rdata        000000
__Hreset_vec                 reset_vec    000000
__Hrparam                    rparam       000000
__Hsfr                       sfr          000000
__Hsmallconst                smallconst   000000
__Hspace_0                   (abs)        004000
__Hspace_1                   (abs)        000013
__Hspace_2                   (abs)        000000
__Hspace_4                   (abs)        60000C
__Hstack                     stack        000000
__Hstruct                    struct       000000
__Htemp                      temp         000000
__Htext                      text         000000
__Htext0                     text0        000000
__Htext1                     text1        000000
__Htext2                     text2        000000
__Htext3                     text3        000000
__LRAM                       (abs)        000001
__Labs1                      abs1         000000
__Lbank0                     bank0        000000
__Lbank1                     bank1        000000
__Lbank2                     bank2        000000
__Lbank3                     bank3        000000
__Lbigbss                    bigbss       000000
__Lbigdata                   bigdata      000000
__Lbigram                    bigram       000000
__Lbigsfr                    bigsfr       000000
__Lbss                       bss          000000
__Lcinit                     cinit        000000
__Lclrtext                   clrtext      000000
__Lcomram                    comram       000000
__Lconfig                    config       000000
__Lconst                     const        000000
__LcstackCOMRAM              cstackCOMRAM 000000
__Ldata                      data         000000
__Leeprom_data               eeprom_data  000000
__Lfarbss                    farbss       000000
__Lfardata                   fardata      000000
__Lheap                      heap         000000
__Libigdata                  ibigdata     000000
__Lidata                     idata        000000
__Lidloc                     idloc        000000
__Lifardata                  ifardata     000000
__Linit                      init         000000
__Lintcode                   intcode      000000
__Lintcode_body              intcode_body 000000
__Lintcodelo                 intcodelo    000000
__Lintentry                  intentry     000000
__Lintret                    intret       000000
__Lintsave_regs              intsave_regs 000000
__Lirdata                    irdata       000000
__Lmediumconst               mediumconst  000000
__LnvFARRAM                  nvFARRAM     000000
__Lnvbit                     nvbit        000000
__Lnvrram                    nvrram       000000
__Lparam                     rparam       000000
__Lpowerup                   powerup      000000
__Lram                       ram          000000
__Lramtop                    ramtop       000400
__Lrbit                      rbit         000000
__Lrbss                      rbss         000000
__Lrdata                     rdata        000000
__Lreset_vec                 reset_vec    000000
__Lrparam                    rparam       000000
__Lsfr                       sfr          000000
__Lsmallconst                smallconst   000000
__Lspace_0                   (abs)        000000
__Lspace_1                   (abs)        000000
__Lspace_2                   (abs)        000000
__Lspace_4                   (abs)        000000
__Lstack                     stack        000000
__Lstruct                    struct       000000
__Ltemp                      temp         000000
__Ltext                      text         000000
__Ltext0                     text0        000000
__Ltext1                     text1        000000
__Ltext2                     text2        000000
__Ltext3                     text3        000000
__S0                         (abs)        004000
__S1                         (abs)        000013
__S4                         (abs)        000000
__S5                         (abs)        000000
___heap_hi                   (abs)        000000
___heap_lo                   (abs)        000000
___inthi_sp                  stack        000000
___intlo_sp                  stack        000000
___param_bank                (abs)        000000
___rparam_used               (abs)        000001
___sp                        stack        000000
__accesstop                  (abs)        000060
__activetblptr               (abs)        000000
__end_of_DATAEE_ReadByte     text3        003CA6
__end_of_DATAEE_WriteByte    text2        003CEA
__end_of__initialization     cinit        003C88
__end_of_delay_blink         text1        003DFA
__end_of_main                text0        004000
__initialization             cinit        003C88
__mediumconst                mediumconst  000000
__pcinit                     cinit        003C88
__pcstackCOMRAM              cstackCOMRAM 000001
__ptext0                     text0        003DFA
__ptext1                     text1        003CEA
__ptext2                     text2        003CA6
__ptext3                     text3        003C8E
__ramtop                     ramtop       000400
__smallconst                 smallconst   000000
_delay_blink                 text1        003CEA
_main                        text0        003DFA
_sectorRAM                   (abs)        000400
delay_blink@i                cstackCOMRAM 000004
delay_blink@min              cstackCOMRAM 000009
delay_blink@prt              cstackCOMRAM 000006
delay_blink@r_temp           cstackCOMRAM 00000B
delay_blink@temp             cstackCOMRAM 00000C
end_of_initialization        cinit        003C88
intlevel0                    text         000000
intlevel1                    text         000000
intlevel2                    text         000000
intlevel3                    text         000000
isa$std                      (abs)        000001
isa$xinst                    (abs)        000000
main@eprom_rem_time          cstackCOMRAM 000011
main@eprom_select_buttom     cstackCOMRAM 00000F
stackhi                      (abs)        000000
stacklo                      (abs)        000000
start                        init         000000
start_initialization         cinit        003C88


MODULE INFORMATION

Module		Function		Class		Link	Load	Size
shared
		__initialization		CODE           	3C88	0000	1

shared estimated size: 1

SwiGO_16A_EDS001.c
		_delay_blink   		CODE           	3CEA	0000	272
		_main          		CODE           	3DFA	0000	518

SwiGO_16A_EDS001.c estimated size: 790

mcc_generated_files/memory.c
		_DATAEE_WriteByte		CODE           	3CA6	0000	68
		_DATAEE_ReadByte		CODE           	3C8E	0000	24

mcc_generated_files/memory.c estimated size: 92

